Windows PowerShell
Copyright (C) Microsoft Corporation. All rights reserved.

fatal: not a git repository (or any of the parent directories): .git
PS C:\Users\Alienware-R3\Desktop\basic_repo> git init
Initialized empty Git repository in C:/Users/Alienware-R3/Desktop/basic_repo/.git/
PS C:\Users\Alienware-R3\Desktop\basic_repo> git add .
PS C:\Users\Alienware-R3\Desktop\basic_repo> git commit -m "Commit"
[master (root-commit) 9e99f7e] Commit
 2 files changed, 23 insertions(+)
 create mode 100644 index.html
hub.com/erhaclesUDLA/basic_repo.git
PS C:\Users\Alienware-R3\Desktop\basic_repo> git branch -M main
Enumerating objects: 4, done.
Counting objects: 100% (4/4), done.
Delta compression using up to 8 threads
Compressing objects: 100% (4/4), done.
Writing objects: 100% (4/4), 521 bytes | 104.00 KiB/s, done.
Total 4 (delta 0), reused 0 (delta 0), pack-reused 0
To https://github.com/erhaclesUDLA/basic_repo.git
 * [new branch]      main -> main
Branch 'main' set up to track remote branch 'main' from 'origin'.
PS C:\Users\Alienware-R3\Desktop\basic_repo> git add .
PS C:\Users\Alienware-R3\Desktop\basic_repo> git commit -m "cambios"
[main 633354c] cambios
 1 file changed, 1 insertion(+)
PS C:\Users\Alienware-R3\Desktop\basic_repo> git push -u origin main
Enumerating objects: 5, done.
Counting objects: 100% (5/5), done.
Delta compression using up to 8 threads
Compressing objects: 100% (3/3), done.
Writing objects: 100% (3/3), 323 bytes | 323.00 KiB/s, done.
Total 3 (delta 1), reused 0 (delta 0), pack-reused 0
remote: Resolving deltas: 100% (1/1), completed with 1 local object.
To https://github.com/erhaclesUDLA/basic_repo.git
   9e99f7e..633354c  main -> main
Branch 'main' set up to track remote branch 'main' from 'origin'.